../Drivers/CMSIS/Include/core_cm4.h:2064:26:ITM_SendChar	16	static,ignoring_inline_asm
../Core/Src/main.c:73:6:HAL_UART_TxHalfCpltCallback	24	static
../Core/Src/main.c:80:6:HAL_UART_TxCpltCallback	24	static
../Core/Src/main.c:104:5:main	16	static
../Core/Src/main.c:163:6:SystemClock_Config	88	static
../Core/Src/main.c:209:13:MX_ETH_Init	8	static
../Core/Src/main.c:258:13:MX_USART3_UART_Init	8	static
../Core/Src/main.c:291:13:MX_USB_OTG_FS_PCD_Init	8	static
../Core/Src/main.c:324:13:MX_DMA_Init	16	static
../Core/Src/main.c:342:13:MX_GPIO_Init	56	static
../Core/Src/main.c:393:5:_write	32	static
../Core/Src/main.c:410:6:Error_Handler	4	static,ignoring_inline_asm
