../Drivers/CMSIS/Include/core_cm4.h:2064:26:ITM_SendChar	16	static,ignoring_inline_asm
../Core/Src/main.c:82:6:HAL_UART_TxHalfCpltCallback	24	static
../Core/Src/main.c:89:6:HAL_UART_TxCpltCallback	24	static
../Core/Src/main.c:114:6:HAL_UART_RxHalfCpltCallback	16	static
../Core/Src/main.c:131:6:HAL_UART_RxCpltCallback	16	static
../Core/Src/main.c:149:5:main	16	static
../Core/Src/main.c:235:6:SystemClock_Config	88	static
../Core/Src/main.c:281:13:MX_ETH_Init	8	static
../Core/Src/main.c:330:13:MX_USART3_UART_Init	8	static
../Core/Src/main.c:363:13:MX_USB_OTG_FS_PCD_Init	8	static
../Core/Src/main.c:396:13:MX_DMA_Init	16	static
../Core/Src/main.c:417:13:MX_GPIO_Init	56	static
../Core/Src/main.c:468:5:_write	32	static
../Core/Src/main.c:485:6:Error_Handler	4	static,ignoring_inline_asm
